../Core/Src/main.c:148:6:BLDC_TorquetoPWM	48	static
../Core/Src/main.c:182:6:print	16	static
../Core/Src/main.c:186:6:init_time	8	static
../Core/Src/main.c:191:6:count	4	static
../Core/Src/main.c:195:9:PID	16	static
../Core/Src/main.c:242:6:HAL_TIM_PeriodElapsedCallback	16	static
../Core/Src/main.c:254:6:HAL_TIM_IC_CaptureCallback	24	static
../Core/Src/main.c:278:6:HAL_I2C_MemRxCpltCallback	16	static
../Core/Src/main.c:287:6:HAL_UART_RxCpltCallback	24	static
../Core/Src/main.c:342:5:main	8	static
../Core/Src/main.c:425:6:SystemClock_Config	88	static
../Core/Src/main.c:471:13:MX_ADC1_Init	56	static
../Core/Src/main.c:539:13:MX_I2C1_Init	8	static
../Core/Src/main.c:587:13:MX_TIM1_Init	104	static
../Core/Src/main.c:673:13:MX_TIM2_Init	72	static
../Core/Src/main.c:747:13:MX_TIM6_Init	24	static
../Core/Src/main.c:785:13:MX_TIM7_Init	24	static
../Core/Src/main.c:824:13:MX_USART2_UART_Init	8	static
../Core/Src/main.c:870:13:MX_DMA_Init	16	static
../Core/Src/main.c:898:13:MX_GPIO_Init	48	static
../Core/Src/main.c:938:6:Error_Handler	4	static,ignoring_inline_asm
